../Drivers/BSP/STM32746G-Discovery/stm32746g_discovery_qspi.c:112:9:BSP_QSPI_Init	16	static,ignoring_inline_asm
../Drivers/BSP/STM32746G-Discovery/stm32746g_discovery_qspi.c:164:9:BSP_QSPI_DeInit	8	static
../Drivers/BSP/STM32746G-Discovery/stm32746g_discovery_qspi.c:187:9:BSP_QSPI_Read	80	static
../Drivers/BSP/STM32746G-Discovery/stm32746g_discovery_qspi.c:241:9:BSP_QSPI_Write	96	static
../Drivers/BSP/STM32746G-Discovery/stm32746g_discovery_qspi.c:328:9:BSP_QSPI_Erase_Block	72	static
../Drivers/BSP/STM32746G-Discovery/stm32746g_discovery_qspi.c:381:9:BSP_QSPI_Erase_Chip	64	static
../Drivers/BSP/STM32746G-Discovery/stm32746g_discovery_qspi.c:432:9:BSP_QSPI_GetStatus	72	static
../Drivers/BSP/STM32746G-Discovery/stm32746g_discovery_qspi.c:505:9:BSP_QSPI_GetInfo	16	static
../Drivers/BSP/STM32746G-Discovery/stm32746g_discovery_qspi.c:529:9:BSP_QSPI_EnableMemoryMappedMode	72	static
../Drivers/BSP/STM32746G-Discovery/stm32746g_discovery_qspi.c:582:13:BSP_QSPI_MspInit	64	static
../Drivers/BSP/STM32746G-Discovery/stm32746g_discovery_qspi.c:648:13:BSP_QSPI_MspDeInit	16	static
../Drivers/BSP/STM32746G-Discovery/stm32746g_discovery_qspi.c:676:16:QSPI_ResetMemory	72	static
../Drivers/BSP/STM32746G-Discovery/stm32746g_discovery_qspi.c:719:16:QSPI_DummyCyclesCfg	88	static,ignoring_inline_asm
../Drivers/BSP/STM32746G-Discovery/stm32746g_discovery_qspi.c:779:16:QSPI_WriteEnable	96	static
../Drivers/BSP/STM32746G-Discovery/stm32746g_discovery_qspi.c:830:16:QSPI_AutoPollingMemReady	96	static
