../Drivers/BSP/STM32746G-Discovery/stm32746g_discovery_camera.c:133:9:BSP_CAMERA_Init	32	static
../Drivers/BSP/STM32746G-Discovery/stm32746g_discovery_camera.c:202:9:BSP_CAMERA_DeInit	8	static
../Drivers/BSP/STM32746G-Discovery/stm32746g_discovery_camera.c:216:6:BSP_CAMERA_ContinuousStart	24	static
../Drivers/BSP/STM32746G-Discovery/stm32746g_discovery_camera.c:227:6:BSP_CAMERA_SnapshotStart	24	static
../Drivers/BSP/STM32746G-Discovery/stm32746g_discovery_camera.c:237:6:BSP_CAMERA_Suspend	8	static
../Drivers/BSP/STM32746G-Discovery/stm32746g_discovery_camera.c:247:6:BSP_CAMERA_Resume	8	static
../Drivers/BSP/STM32746G-Discovery/stm32746g_discovery_camera.c:257:9:BSP_CAMERA_Stop	16	static
../Drivers/BSP/STM32746G-Discovery/stm32746g_discovery_camera.c:276:6:BSP_CAMERA_PwrUp	32	static
../Drivers/BSP/STM32746G-Discovery/stm32746g_discovery_camera.c:301:6:BSP_CAMERA_PwrDown	32	static
../Drivers/BSP/STM32746G-Discovery/stm32746g_discovery_camera.c:338:6:BSP_CAMERA_ContrastBrightnessConfig	24	static
../Drivers/BSP/STM32746G-Discovery/stm32746g_discovery_camera.c:356:6:BSP_CAMERA_BlackWhiteConfig	24	static
../Drivers/BSP/STM32746G-Discovery/stm32746g_discovery_camera.c:374:6:BSP_CAMERA_ColorEffectConfig	24	static
../Drivers/BSP/STM32746G-Discovery/stm32746g_discovery_camera.c:387:17:GetSize	24	static
../Drivers/BSP/STM32746G-Discovery/stm32746g_discovery_camera.c:429:13:BSP_CAMERA_MspInit	64	static
../Drivers/BSP/STM32746G-Discovery/stm32746g_discovery_camera.c:526:13:BSP_CAMERA_MspDeInit	16	static
../Drivers/BSP/STM32746G-Discovery/stm32746g_discovery_camera.c:549:6:HAL_DCMI_LineEventCallback	16	static
../Drivers/BSP/STM32746G-Discovery/stm32746g_discovery_camera.c:558:13:BSP_CAMERA_LineEventCallback	4	static
../Drivers/BSP/STM32746G-Discovery/stm32746g_discovery_camera.c:570:6:HAL_DCMI_VsyncEventCallback	16	static
../Drivers/BSP/STM32746G-Discovery/stm32746g_discovery_camera.c:579:13:BSP_CAMERA_VsyncEventCallback	4	static
../Drivers/BSP/STM32746G-Discovery/stm32746g_discovery_camera.c:591:6:HAL_DCMI_FrameEventCallback	16	static
../Drivers/BSP/STM32746G-Discovery/stm32746g_discovery_camera.c:600:13:BSP_CAMERA_FrameEventCallback	4	static
../Drivers/BSP/STM32746G-Discovery/stm32746g_discovery_camera.c:612:6:HAL_DCMI_ErrorCallback	16	static
../Drivers/BSP/STM32746G-Discovery/stm32746g_discovery_camera.c:621:13:BSP_CAMERA_ErrorCallback	4	static
