../Core/Src/main.c:70:6:HAL_UART_RxCpltCallback	16	static
../Core/Src/main.c:79:5:__io_putchar	24	static
../Core/Src/main.c:92:6:send_next_message	8	static
../Core/Src/main.c:113:6:HAL_UART_TxCpltCallback	16	static
../Core/Src/main.c:126:6:line_append	16	static
../Core/Src/main.c:166:6:HAL_GPIO_EXTI_Callback	16	static
../Core/Src/main.c:180:5:main	8	static
../Core/Src/main.c:236:6:SystemClock_Config	96	static
../Core/Src/main.c:286:13:MX_USART2_UART_Init	8	static
../Core/Src/main.c:321:13:MX_GPIO_Init	48	static
../Core/Src/main.c:367:6:Error_Handler	4	static,ignoring_inline_asm
